Sex,Algen'a,Morocco,Cote d'Ivoire,Unknown,xlabel,ylabel,title,legend orientation
Female,94.32879505594684,66.39639456793714,52.37143116419264,,Survival Rate(%),Sex,Survival rate of children of different countries in Grade 5 of primary education,vertical
Male,95.32712755875369,73.50558381424864,58.67107965988478,,Survival Rate(%),Sex,Survival rate of children of different countries in Grade 5 of primary education,vertical
